# serializer version: 1
# name: test_do_ops
  '336.2'
# ---
# name: test_do_ops_DI_with_protocol_mock
  'start336.2'
# ---
# name: test_do_ops_with_protocol_mock
  list([
  ])
# ---
